../Core/Src/main.c:109:5:main	8	static
../Core/Src/main.c:164:6:SystemClock_Config	88	static
../Core/Src/main.c:222:13:MX_ETH_Init	8	static
../Core/Src/main.c:271:13:MX_TIM3_Init	48	static
../Core/Src/main.c:320:13:MX_UART4_Init	8	static
../Core/Src/main.c:355:13:MX_USART3_UART_Init	8	static
../Core/Src/main.c:390:13:MX_USB_OTG_FS_PCD_Init	8	static
../Core/Src/main.c:425:13:MX_GPIO_Init	56	static
../Core/Src/main.c:478:6:HAL_UART_RxCpltCallback	32	static
../Core/Src/main.c:539:6:HAL_TIM_PeriodElapsedCallback	16	static
../Core/Src/main.c:552:6:Error_Handler	4	static,ignoring_inline_asm
